// Jest Snapshot v1, https://goo.gl/fbAQLP

exports[`Bomb Component renders the UI as expected 1`] = `
<div>
  <p>
    
  </p>
</div>
`;
